

Symbols from C:\Users\taimu\AppData\Local\Temp\arduino\sketches\1685BCEA41C351C2E9B7F6F607343670/LE_Blinker.ino.elf:

Name                  Value   Class        Type         Size     Line  Section

__heap_end          |00000000|   W  |            NOTYPE|        |     |*ABS*
__TEXT_REGION_ORIGIN__|00000000|   W  |            NOTYPE|        |     |*ABS*
__tmp_reg__         |00000000|   a  |            NOTYPE|        |     |*ABS*
__vector_default    |00000000|   W  |            NOTYPE|        |     |.text	../../../../crt1/gcrt1.S:61
__vectors           |00000000|   T  |            NOTYPE|        |     |.text	../../../../crt1/gcrt1.S:61
__zero_reg__        |00000001|   a  |            NOTYPE|        |     |*ABS*
__FUSE_REGION_LENGTH__|0000000a|   A  |            NOTYPE|        |     |*ABS*
__CCP__             |00000034|   a  |            NOTYPE|        |     |*ABS*
__SP_L__            |0000003d|   a  |            NOTYPE|        |     |*ABS*
__SP_H__            |0000003e|   a  |            NOTYPE|        |     |*ABS*
__SREG__            |0000003f|   a  |            NOTYPE|        |     |*ABS*
__ctors_start       |000000a6|   T  |            NOTYPE|        |     |.text
__trampolines_end   |000000a6|   T  |            NOTYPE|        |     |.text
__trampolines_start |000000a6|   T  |            NOTYPE|        |     |.text
__ctors_end         |000000a8|   T  |            NOTYPE|        |     |.text	../../../../crt1/gcrt1.S:230
__dtors_end         |000000a8|   T  |            NOTYPE|        |     |.text	../../../../crt1/gcrt1.S:230
__dtors_start       |000000a8|   T  |            NOTYPE|        |     |.text	../../../../crt1/gcrt1.S:230
__init              |000000a8|   W  |            NOTYPE|        |     |.text	../../../../crt1/gcrt1.S:230
_initThreeStuff()   |000000b4|   T  |              FUNC|00000018|     |.text	C:\Users\taimu\AppData\Local\Arduino15\packages\megaTinyCore\hardware\megaavr\2.6.10\cores\megatinycore/main.cpp:149
__do_copy_data      |000000cc|   T  |            NOTYPE|00000016|     |.text	/home/admin/Arduino/toolchain-avr-special-master/gcc-build/avr/avrxmega3/libgcc/../../../../gcc/libgcc/config/avr/lib1funcs.S:2409
__do_clear_bss      |000000e2|   T  |            NOTYPE|00000010|     |.text	/home/admin/Arduino/toolchain-avr-special-master/gcc-build/avr/avrxmega3/libgcc/../../../../gcc/libgcc/config/avr/lib1funcs.S:2441
.do_clear_bss_loop  |000000ea|   t  |            NOTYPE|        |     |.text	/home/admin/Arduino/toolchain-avr-special-master/gcc-build/avr/avrxmega3/libgcc/../../../../gcc/libgcc/config/avr/lib1funcs.S:2446
.do_clear_bss_start |000000ec|   t  |            NOTYPE|        |     |.text	/home/admin/Arduino/toolchain-avr-special-master/gcc-build/avr/avrxmega3/libgcc/../../../../gcc/libgcc/config/avr/lib1funcs.S:2448
__do_global_ctors   |000000f2|   T  |            NOTYPE|00000014|     |.text	/home/admin/Arduino/toolchain-avr-special-master/gcc-build/avr/avrxmega3/libgcc/../../../../gcc/libgcc/config/avr/lib1funcs.S:2466
__EEPROM_REGION_LENGTH__|00000100|   A  |            NOTYPE|        |     |*ABS*
__bad_interrupt     |0000010a|   T  |            NOTYPE|        |     |.text	../../../../crt1/gcrt1.S:315
__vector_1          |0000010a|   W  |            NOTYPE|        |     |.text	../../../../crt1/gcrt1.S:315
__vector_10         |0000010a|   W  |            NOTYPE|        |     |.text	../../../../crt1/gcrt1.S:315
__vector_11         |0000010a|   W  |            NOTYPE|        |     |.text	../../../../crt1/gcrt1.S:315
__vector_12         |0000010a|   W  |            NOTYPE|        |     |.text	../../../../crt1/gcrt1.S:315
__vector_13         |0000010a|   W  |            NOTYPE|        |     |.text	../../../../crt1/gcrt1.S:315
__vector_15         |0000010a|   W  |            NOTYPE|        |     |.text	../../../../crt1/gcrt1.S:315
__vector_16         |0000010a|   W  |            NOTYPE|        |     |.text	../../../../crt1/gcrt1.S:315
__vector_17         |0000010a|   W  |            NOTYPE|        |     |.text	../../../../crt1/gcrt1.S:315
__vector_18         |0000010a|   W  |            NOTYPE|        |     |.text	../../../../crt1/gcrt1.S:315
__vector_19         |0000010a|   W  |            NOTYPE|        |     |.text	../../../../crt1/gcrt1.S:315
__vector_2          |0000010a|   W  |            NOTYPE|        |     |.text	../../../../crt1/gcrt1.S:315
__vector_20         |0000010a|   W  |            NOTYPE|        |     |.text	../../../../crt1/gcrt1.S:315
__vector_21         |0000010a|   W  |            NOTYPE|        |     |.text	../../../../crt1/gcrt1.S:315
__vector_22         |0000010a|   W  |            NOTYPE|        |     |.text	../../../../crt1/gcrt1.S:315
__vector_23         |0000010a|   W  |            NOTYPE|        |     |.text	../../../../crt1/gcrt1.S:315
__vector_24         |0000010a|   W  |            NOTYPE|        |     |.text	../../../../crt1/gcrt1.S:315
__vector_26         |0000010a|   W  |            NOTYPE|        |     |.text	../../../../crt1/gcrt1.S:315
__vector_27         |0000010a|   W  |            NOTYPE|        |     |.text	../../../../crt1/gcrt1.S:315
__vector_28         |0000010a|   W  |            NOTYPE|        |     |.text	../../../../crt1/gcrt1.S:315
__vector_29         |0000010a|   W  |            NOTYPE|        |     |.text	../../../../crt1/gcrt1.S:315
__vector_3          |0000010a|   W  |            NOTYPE|        |     |.text	../../../../crt1/gcrt1.S:315
__vector_4          |0000010a|   W  |            NOTYPE|        |     |.text	../../../../crt1/gcrt1.S:315
__vector_5          |0000010a|   W  |            NOTYPE|        |     |.text	../../../../crt1/gcrt1.S:315
__vector_6          |0000010a|   W  |            NOTYPE|        |     |.text	../../../../crt1/gcrt1.S:315
__vector_7          |0000010a|   W  |            NOTYPE|        |     |.text	../../../../crt1/gcrt1.S:315
__vector_8          |0000010a|   W  |            NOTYPE|        |     |.text	../../../../crt1/gcrt1.S:315
__vector_9          |0000010a|   W  |            NOTYPE|        |     |.text	../../../../crt1/gcrt1.S:315
sortArray(int*, int) [clone .constprop.5]|0000010c|   t  |              FUNC|00000036|     |.text	C:\Users\taimu\OneDrive\Desktop\LE_Blinker/LE_Blinker.ino:239
micros              |00000142|   t  |              FUNC|0000007c|     |.text	C:\Users\taimu\AppData\Local\Arduino15\packages\megaTinyCore\hardware\megaavr\2.6.10\cores\megatinycore/wiring.c:499
delay.constprop.6   |000001be|   t  |              FUNC|0000005c|     |.text	C:\Users\taimu\AppData\Local\Arduino15\packages\megaTinyCore\hardware\megaavr\2.6.10\cores\megatinycore/wiring.c:961
TwoWire::flush()    |0000021a|   t  |              FUNC|00000010|     |.text	C:\Users\taimu\AppData\Local\Arduino15\packages\megaTinyCore\hardware\megaavr\2.6.10\libraries\Wire\src/twi.c:139
TwoWire::peek()     |0000022a|   t  |              FUNC|00000028|     |.text	C:\Users\taimu\AppData\Local\Arduino15\packages\megaTinyCore\hardware\megaavr\2.6.10\libraries\Wire\src/Wire.cpp:726
TwoWire::read()     |00000252|   t  |              FUNC|00000024|     |.text	C:\Users\taimu\AppData\Local\Arduino15\packages\megaTinyCore\hardware\megaavr\2.6.10\libraries\Wire\src/Wire.cpp:635
TwoWire::available()|00000276|   t  |              FUNC|0000000c|     |.text	C:\Users\taimu\AppData\Local\Arduino15\packages\megaTinyCore\hardware\megaavr\2.6.10\libraries\Wire\src/Wire.cpp:603
TwoWire::write(unsigned char)|00000282|   t  |              FUNC|00000024|     |.text	C:\Users\taimu\AppData\Local\Arduino15\packages\megaTinyCore\hardware\megaavr\2.6.10\libraries\Wire\src/Wire.cpp:536
TwoWire::write(unsigned char const*, unsigned int)|000002a6|   t  |              FUNC|00000046|     |.text	C:\Users\taimu\AppData\Local\Arduino15\packages\megaTinyCore\hardware\megaavr\2.6.10\libraries\Wire\src/Wire.cpp:579
Print::availableForWrite()|000002ec|   t  |              FUNC|00000006|     |.text	C:\Users\taimu\AppData\Local\Arduino15\packages\megaTinyCore\hardware\megaavr\2.6.10\cores\megatinycore/api/Print.h:65
transmitDataWire()  |000002f2|   t  |              FUNC|00000022|     |.text	C:\Users\taimu\OneDrive\Desktop\LE_Blinker/LE_Blinker.ino:214
digitalWrite        |00000314|   t  |              FUNC|000000a4|     |.text	C:\Users\taimu\AppData\Local\Arduino15\packages\megaTinyCore\hardware\megaavr\2.6.10\cores\megatinycore/wiring_digital.c:240
set_RGB_off()       |000003b8|   t  |              FUNC|00000024|     |.text	C:\Users\taimu\OneDrive\Desktop\LE_Blinker/LE_Blinker.ino:172
receiveEvent(int)   |000003dc|   t  |              FUNC|0000006a|     |.text	C:\Users\taimu\OneDrive\Desktop\LE_Blinker/LE_Blinker.ino:225
__LOCK_REGION_LENGTH__|00000400|   A  |            NOTYPE|        |     |*ABS*
__SIGNATURE_REGION_LENGTH__|00000400|   A  |            NOTYPE|        |     |*ABS*
__USER_SIGNATURE_REGION_LENGTH__|00000400|   A  |            NOTYPE|        |     |*ABS*
analogRead          |00000446|   t  |              FUNC|0000004a|     |.text	C:\Users\taimu\AppData\Local\Arduino15\packages\megaTinyCore\hardware\megaavr\2.6.10\cores\megatinycore/wiring_analog.c:320
pinMode.constprop.12|00000490|   t  |              FUNC|00000036|     |.text	C:\Users\taimu\AppData\Local\Arduino15\packages\megaTinyCore\hardware\megaavr\2.6.10\cores\megatinycore/wiring_analog.c:337
__vector_25         |000004c6|   T  |              FUNC|00000038|     |.text	C:\Users\taimu\AppData\Local\Arduino15\packages\megaTinyCore\hardware\megaavr\2.6.10\cores\megatinycore/wiring.c:202
__vector_14         |000004fe|   T  |              FUNC|00000148|     |.text	C:\Users\taimu\AppData\Local\Arduino15\packages\megaTinyCore\hardware\megaavr\2.6.10\libraries\Wire\src/Wire.cpp:977
main                |00000646|   T  |              FUNC|0000033c|     |.text	C:\Users\taimu\AppData\Local\Arduino15\packages\megaTinyCore\hardware\megaavr\2.6.10\cores\megatinycore/main.cpp:49
_GLOBAL__sub_I__ZN7TwoWireC2EP10TWI_struct|00000982|   t  |              FUNC|0000002a|     |.text
__subsf3            |000009ac|   T  |              FUNC|0000000a|     |.text	C:\Users\taimu\AppData\Local\Arduino15\packages\megaTinyCore\hardware\megaavr\2.6.10\cores\megatinycore/api/Stream.h:63
__addsf3            |000009ae|   T  |            NOTYPE|        |     |.text	C:\Users\taimu\AppData\Local\Arduino15\packages\megaTinyCore\hardware\megaavr\2.6.10\cores\megatinycore/api/Stream.h:63
__addsf3x           |000009d0|   T  |              FUNC|000000cc|     |.text
atan2               |00000a94|   T  |              FUNC|00000086|     |.text
atan                |00000aea|   T  |              FUNC|00000050|     |.text
__divsf3            |00000b3a|   T  |              FUNC|00000004|     |.text
__divsf3x           |00000b54|   T  |              FUNC|000000dc|     |.text
__divsf3_pse        |00000b58|   T  |            NOTYPE|        |     |.text
__DATA_REGION_LENGTH__|00000c00|   A  |            NOTYPE|        |     |*ABS*
__fixsfsi           |00000c0a|   T  |              FUNC|0000000a|     |.text
__fixunssfsi        |00000c14|   T  |              FUNC|00000058|     |.text
__floatunsisf       |00000c6c|   T  |              FUNC|0000007a|     |.text
__floatsisf         |00000c70|   T  |            NOTYPE|        |     |.text
__fp_inf            |00000ce6|   T  |              FUNC|0000000c|     |.text
__fp_nan            |00000cf2|   T  |              FUNC|00000006|     |.text
__fp_powser         |00000cf8|   T  |              FUNC|0000004a|     |.text
__fp_pscA           |00000d42|   T  |              FUNC|0000000e|     |.text
__fp_pscB           |00000d50|   T  |              FUNC|0000000e|     |.text
__fp_round          |00000d5e|   T  |              FUNC|00000022|     |.text
__fp_split3         |00000d80|   T  |              FUNC|00000044|     |.text
__fp_splitA         |00000d90|   T  |            NOTYPE|        |     |.text
__fp_zero           |00000dc4|   T  |              FUNC|0000000e|     |.text
__fp_szero          |00000dc6|   T  |            NOTYPE|        |     |.text
inverse             |00000dd2|   T  |              FUNC|0000000e|     |.text
__mulsf3            |00000de0|   T  |              FUNC|00000004|     |.text
__mulsf3x           |00000df8|   T  |              FUNC|000000d2|     |.text
__mulsf3_pse        |00000dfc|   T  |            NOTYPE|        |     |.text
square              |00000ea6|   T  |              FUNC|00000006|     |.text
__muluhisi3         |00000eac|   T  |            NOTYPE|00000014|     |.text	/home/admin/Arduino/toolchain-avr-special-master/gcc-build/avr/avrxmega3/libgcc/../../../../gcc/libgcc/config/avr/lib1funcs.S:626
__tablejump2__      |00000ec0|   T  |            NOTYPE|0000000c|     |.text	/home/admin/Arduino/toolchain-avr-special-master/gcc-build/avr/avrxmega3/libgcc/../../../../gcc/libgcc/config/avr/lib1funcs.S:2296
__umulhisi3         |00000ecc|   T  |            NOTYPE|0000001e|     |.text	/home/admin/Arduino/toolchain-avr-special-master/gcc-build/avr/avrxmega3/libgcc/../../../../gcc/libgcc/config/avr/lib1funcs.S:564
_exit               |00000eea|   T  |            NOTYPE|        |     |.text	/home/admin/Arduino/toolchain-avr-special-master/gcc-build/avr/avrxmega3/libgcc/../../../../gcc/libgcc/config/avr/lib1funcs.S:2278
exit                |00000eea|   W  |            NOTYPE|        |     |.text	/home/admin/Arduino/toolchain-avr-special-master/gcc-build/avr/avrxmega3/libgcc/../../../../gcc/libgcc/config/avr/lib1funcs.S:2278
__stop_program      |00000eec|   t  |            NOTYPE|        |     |.text	/home/admin/Arduino/toolchain-avr-special-master/gcc-build/avr/avrxmega3/libgcc/../../../../gcc/libgcc/config/avr/lib1funcs.S:2280
_etext              |00000eee|   T  |            NOTYPE|        |     |.text
__data_load_start   |00000f48|   A  |            NOTYPE|        |     |*ABS*
__data_load_end     |00000f4a|   A  |            NOTYPE|        |     |*ABS*
__stack             |00003fff|   W  |            NOTYPE|        |     |*ABS*
__RODATA_PM_OFFSET__|00008000|   A  |            NOTYPE|        |     |*ABS*
__TEXT_REGION_LENGTH__|00008000|   A  |            NOTYPE|        |     |*ABS*
vtable for TwoWire  |00008eee|   r  |            OBJECT|00000012|     |.rodata
digital_pin_to_timer|00008f00|   r  |            OBJECT|00000012|     |.rodata	C:\Users\taimu\AppData\Local\Arduino15\packages\megaTinyCore\hardware\megaavr\2.6.10\variants\txy6/pins_arduino.h:379
digital_pin_to_bit_position|00008f12|   r  |            OBJECT|00000012|     |.rodata	C:\Users\taimu\AppData\Local\Arduino15\packages\megaTinyCore\hardware\megaavr\2.6.10\variants\txy6/pins_arduino.h:330
digital_pin_to_port |00008f24|   r  |            OBJECT|00000012|     |.rodata	C:\Users\taimu\AppData\Local\Arduino15\packages\megaTinyCore\hardware\megaavr\2.6.10\variants\txy6/pins_arduino.h:305
digital_pin_to_bit_mask|00008f36|   r  |            OBJECT|00000012|     |.rodata	C:\Users\taimu\AppData\Local\Arduino15\packages\megaTinyCore\hardware\megaavr\2.6.10\variants\txy6/pins_arduino.h:354
__DATA_REGION_ORIGIN__|00803400|   A  |            NOTYPE|        |     |*ABS*
__data_start        |00803400|   D  |            NOTYPE|        |     |.data
cosine              |00803400|   d  |            OBJECT|00000002|     |.data	C:\Users\taimu\OneDrive\Desktop\LE_Blinker/LE_Blinker.ino:31
__bss_start         |00803402|   B  |            NOTYPE|        |     |.bss
__data_end          |00803402|   D  |            NOTYPE|        |     |.data
_edata              |00803402|   D  |            NOTYPE|        |     |.data
temp                |00803402|   b  |            OBJECT|0000000a|     |.bss	C:\Users\taimu\OneDrive\Desktop\LE_Blinker/LE_Blinker.ino:26
sleepStack          |0080340c|   b  |            OBJECT|00000001|     |.bss	C:\Users\taimu\AppData\Local\Arduino15\packages\megaTinyCore\hardware\megaavr\2.6.10\libraries\Wire\src/twi.c:34
Wire                |0080340d|   b  |            OBJECT|00000055|     |.bss	C:\Users\taimu\AppData\Local\Arduino15\packages\megaTinyCore\hardware\megaavr\2.6.10\libraries\Wire\src/Wire.cpp:998
absolute_distance   |00803462|   b  |            OBJECT|00000002|     |.bss	C:\Users\taimu\OneDrive\Desktop\LE_Blinker/LE_Blinker.ino:27
Lower_Bound         |00803464|   b  |            OBJECT|00000002|     |.bss	C:\Users\taimu\OneDrive\Desktop\LE_Blinker/LE_Blinker.ino:19
previous_distance   |00803466|   b  |            OBJECT|00000002|     |.bss	C:\Users\taimu\OneDrive\Desktop\LE_Blinker/LE_Blinker.ino:28
sineSamples         |00803468|   b  |            OBJECT|00000014|     |.bss	C:\Users\taimu\OneDrive\Desktop\LE_Blinker/LE_Blinker.ino:3
cosineSamples       |0080347c|   b  |            OBJECT|00000014|     |.bss	C:\Users\taimu\OneDrive\Desktop\LE_Blinker/LE_Blinker.ino:2
timingStruct        |00803490|   b  |            OBJECT|00000004|     |.bss	C:\Users\taimu\AppData\Local\Arduino15\packages\megaTinyCore\hardware\megaavr\2.6.10\cores\megatinycore/wiring.c:189
__bss_end           |00803494|   B  |            NOTYPE|        |     |.bss
_end                |00803494|   N  |            NOTYPE|        |     |.comment
__eeprom_end        |00810000|   N  |            NOTYPE|        |     |.comment
